2026-04-28 13:03:26,036 INFO [dts_harvest] Initializing DTS client for http://rs4.ethz.ch/dts/
2026-04-28 13:03:27,173 INFO [root] Skipping validation of required properties in the Entry endpoint JSON
2026-04-28 13:03:27,174 INFO [dts_harvest] Starting DTS crawl
2026-04-28 13:03:27,174 INFO [dts_harvest] Limiting crawl to collection id: https://example.org/dts/collections/hwgw
2026-04-28 13:03:27,174 INFO [root] URI of request to Collection endpoint: http://rs4.ethz.ch/dts/collection/?id=https%3A%2F%2Fexample.org%2Fdts%2Fcollections%2Fhwgw
2026-04-28 13:03:27,643 INFO [root] URI of request to Collection endpoint: http://rs4.ethz.ch/dts/collection/?id=https%3A%2F%2Fexample.org%2Fdts%2Fcollections%2Fhwgw
2026-04-28 13:03:27,927 INFO [root] URI of request to Collection endpoint: http://rs4.ethz.ch/dts/collection/?id=https%3A%2F%2Fexample.org%2Fdts%2Fcollections%2Fhwgw%2Fs01
2026-04-28 13:03:28,294 INFO [root] URI of request to Collection endpoint: http://rs4.ethz.ch/dts/collection/?id=https%3A%2F%2Fexample.org%2Fdts%2Fcollections%2Fhwgw%2Fs01%2Fapp
2026-04-28 13:03:28,584 INFO [root] URI of request to Collection endpoint: http://rs4.ethz.ch/dts/collection/?id=https%3A%2F%2Fexample.org%2Fdts%2Fcollections%2Fhwgw%2Fs01%2Fed
2026-04-28 13:03:28,843 INFO [root] URI of request to Collection endpoint: http://rs4.ethz.ch/dts/collection/?id=https%3A%2F%2Fexample.org%2Fdts%2Fcollections%2Fhwgw%2Fs01%2Fin
2026-04-28 13:03:29,077 INFO [root] URI of request to Collection endpoint: http://rs4.ethz.ch/dts/collection/?id=https%3A%2F%2Fexample.org%2Fdts%2Fcollections%2Fhwgw%2Fs03
2026-04-28 13:03:29,330 INFO [root] URI of request to Collection endpoint: http://rs4.ethz.ch/dts/collection/?id=https%3A%2F%2Fexample.org%2Fdts%2Fcollections%2Fhwgw%2Fs03%2Fapp
2026-04-28 13:03:29,570 INFO [root] URI of request to Collection endpoint: http://rs4.ethz.ch/dts/collection/?id=https%3A%2F%2Fexample.org%2Fdts%2Fcollections%2Fhwgw%2Fs03%2Fed
2026-04-28 13:03:29,804 INFO [root] URI of request to Collection endpoint: http://rs4.ethz.ch/dts/collection/?id=https%3A%2F%2Fexample.org%2Fdts%2Fcollections%2Fhwgw%2Fs03%2Fin
2026-04-28 13:03:30,044 INFO [root] URI of request to Collection endpoint: http://rs4.ethz.ch/dts/collection/?id=https%3A%2F%2Fexample.org%2Fdts%2Fcollections%2Fhwgw%2Fs04
2026-04-28 13:03:30,299 INFO [root] URI of request to Collection endpoint: http://rs4.ethz.ch/dts/collection/?id=https%3A%2F%2Fexample.org%2Fdts%2Fcollections%2Fhwgw%2Fs04%2Fapp
2026-04-28 13:03:30,543 INFO [root] URI of request to Collection endpoint: http://rs4.ethz.ch/dts/collection/?id=https%3A%2F%2Fexample.org%2Fdts%2Fcollections%2Fhwgw%2Fs04%2Fed
2026-04-28 13:03:30,784 INFO [root] URI of request to Collection endpoint: http://rs4.ethz.ch/dts/collection/?id=https%3A%2F%2Fexample.org%2Fdts%2Fcollections%2Fhwgw%2Fs04%2Fin
2026-04-28 13:03:30,968 INFO [dts_harvest] Wrote merged Turtle file to rs4_sample.ttl
2026-04-28 13:03:30,969 INFO [dts_harvest] Collections visited: 4
2026-04-28 13:03:30,969 INFO [dts_harvest] Resources visited: 9
2026-04-28 13:03:30,969 INFO [dts_harvest] JSON-LD objects seen: 26
2026-04-28 13:03:30,969 INFO [dts_harvest] JSON-LD objects parsed: 26
2026-04-28 13:03:30,969 INFO [dts_harvest] JSON-LD objects skipped: 0
2026-04-28 13:03:30,969 INFO [dts_harvest] Triples written: 488
